// Bun Snapshot v1, https://goo.gl/fbAQLP

exports[`CLI Tests should show the correct config plugins 1`] = `
"Config Plugin Overview:

Used plugins:
游릴  @bitdrift/react-native 
游릴  expo-build-properties 
游릴  expo-font 
游릴  expo-localization 
游릴  expo-notifications 
游릴  expo-screen-orientation 
游릴  expo-splash-screen 
游릴  expo-video 
游릴  react-native-compressor 
游릴  react-native-edge-to-edge 

Bundled with expo:
游닍  expo-camera 
游닍  expo-dev-client 
游닍  expo-file-system 
游닍  expo-image-picker 
游닍  expo-media-library 
游닍  expo-task-manager 

Unused plugins:
游린  @sentry/react-native 
游린  expo-system-ui 
游린  expo-updates 
"
`;
